<html>
<body>
<pre>
<h1>µVision Build Log</h1>
<h2>Tool Versions:</h2>
IDE-Version: µVision V5.36.0.0
Copyright (C) 2021 ARM Ltd and ARM Germany GmbH. All rights reserved.
License Information: Huy Nguyen, VAMK, LIC=----
 
Tool Versions:
Toolchain:       MDK-Lite  Version: 5.36.0.0
Toolchain Path:  C:\Keil_v5\ARM\ARMCC\Bin
C Compiler:      Armcc.exe V5.06 update 7 (build 960)
Assembler:       Armasm.exe V5.06 update 7 (build 960)
Linker/Locator:  ArmLink.exe V5.06 update 7 (build 960)
Library Manager: ArmAr.exe V5.06 update 7 (build 960)
Hex Converter:   FromElf.exe V5.06 update 7 (build 960)
CPU DLL:         SARMCM3.DLL V5.36.0.0
Dialog DLL:      DCM.DLL V1.17.3.0
Target DLL:      STLink\ST-LINKIII-KEIL_SWO.dll V3.0.9.0
Dialog DLL:      TCM.DLL V1.53.0.0
 
<h2>Project:</h2>
H:\tma solution\modbus rs485\TMA_modbus\MDK-ARM\TMA_modbus.uvprojx
Project File Date:  07/06/2022

<h2>Output:</h2>
*** Using Compiler 'V5.06 update 7 (build 960)', folder: 'C:\Keil_v5\ARM\ARMCC\Bin'
Build target 'TMA_modbus'
compiling main.c...
..\lib\modbus.h(35): warning:  #1-D: last line of file ends without a newline
  #endif
../Core/Src/main.c(173): warning:  #940-D: missing return statement at end of non-void function "getValue" 
  }
../Core/Src/main.c(382): warning:  #188-D: enumerated type mixed with another type
  				HAL_GPIO_WritePin(GPIOA,GPIO_PIN_15,slave->msg[4]&1);
../Core/Src/main.c(385): warning:  #188-D: enumerated type mixed with another type
  				HAL_GPIO_WritePin(GPIOC,GPIO_PIN_10,slave->msg[4]&1);
../Core/Src/main.c(388): warning:  #188-D: enumerated type mixed with another type
  				HAL_GPIO_WritePin(GPIOC,GPIO_PIN_11,slave->msg[4]&1);
../Core/Src/main.c(391): warning:  #188-D: enumerated type mixed with another type
  				HAL_GPIO_WritePin(GPIOC,GPIO_PIN_12,slave->msg[4]&1);
../Core/Src/main.c(394): warning:  #188-D: enumerated type mixed with another type
  				HAL_GPIO_WritePin(GPIOD,GPIO_PIN_2,slave->msg[4]&1);
../Core/Src/main.c(397): warning:  #188-D: enumerated type mixed with another type
  				HAL_GPIO_WritePin(GPIOB,GPIO_PIN_3,slave->msg[4]&1);
../Core/Src/main.c(400): warning:  #188-D: enumerated type mixed with another type
  				HAL_GPIO_WritePin(GPIOB,GPIO_PIN_4,slave->msg[4]&1);
../Core/Src/main.c(403): warning:  #188-D: enumerated type mixed with another type
  				HAL_GPIO_WritePin(GPIOB,GPIO_PIN_5,slave->msg[4]&1);
../Core/Src/main.c(406): warning:  #188-D: enumerated type mixed with another type
  				HAL_GPIO_WritePin(GPIOB,GPIO_PIN_6,slave->msg[4]&1);
../Core/Src/main.c(409): warning:  #188-D: enumerated type mixed with another type
  				HAL_GPIO_WritePin(GPIOB,GPIO_PIN_7,slave->msg[4]&1);
../Core/Src/main.c(412): warning:  #188-D: enumerated type mixed with another type
  				HAL_GPIO_WritePin(GPIOB,GPIO_PIN_8,slave->msg[4]&1);
../Core/Src/main.c(415): warning:  #188-D: enumerated type mixed with another type
  				HAL_GPIO_WritePin(GPIOB,GPIO_PIN_9,slave->msg[4]&1);
../Core/Src/main.c(418): warning:  #188-D: enumerated type mixed with another type
  				HAL_GPIO_WritePin(GPIOC,GPIO_PIN_13,slave->msg[4]&1);
../Core/Src/main.c(421): warning:  #188-D: enumerated type mixed with another type
  				HAL_GPIO_WritePin(GPIOC,GPIO_PIN_0,slave->msg[4]&1);
../Core/Src/main.c(424): warning:  #188-D: enumerated type mixed with another type
  				HAL_GPIO_WritePin(GPIOC,GPIO_PIN_1,slave->msg[4]&1);
../Core/Src/main.c(427): warning:  #188-D: enumerated type mixed with another type
  				HAL_GPIO_WritePin(GPIOC,GPIO_PIN_2,slave->msg[4]&1);
../Core/Src/main.c: 18 warnings, 0 errors
linking...
Program Size: Code=7270 RO-data=1022 RW-data=32 ZI-data=2280  
FromELF: creating hex file...
"TMA_modbus\TMA_modbus.axf" - 0 Error(s), 18 Warning(s).

<h2>Software Packages used:</h2>

Package Vendor: ARM
                http://www.keil.com/pack/ARM.CMSIS.5.8.0.pack
                ARM.CMSIS.5.8.0
                CMSIS (Common Microcontroller Software Interface Standard)
   * Component: CORE Version: 5.5.0

Package Vendor: Keil
                http://www.keil.com/pack/Keil.STM32F4xx_DFP.2.16.0.pack
                Keil.STM32F4xx_DFP.2.16.0
                STMicroelectronics STM32F4 Series Device Support, Drivers and Examples

<h2>Collection of Component include folders:</h2>
  .\RTE\_TMA_modbus
  C:\Users\dyden\AppData\Local\Arm\Packs\ARM\CMSIS\5.8.0\CMSIS\Core\Include
  C:\Users\dyden\AppData\Local\Arm\Packs\Keil\STM32F4xx_DFP\2.16.0\Drivers\CMSIS\Device\ST\STM32F4xx\Include

<h2>Collection of Component Files used:</h2>

   * Component: ARM::CMSIS:CORE:5.5.0
      Include file:  CMSIS\Core\Include\tz_context.h
Build Time Elapsed:  00:00:02
</pre>
</body>
</html>
